[ WARN:0@11.057] global cap.cpp:477 cv::VideoCapture::open VIDEOIO(DSHOW): backend is generally available but can't be used to capture by index
[ WARN:0@11.100] global cap.cpp:477 cv::VideoCapture::open VIDEOIO(DSHOW): backend is generally available but can't be used to capture by index
[ WARN:0@11.143] global cap.cpp:477 cv::VideoCapture::open VIDEOIO(DSHOW): backend is generally available but can't be used to capture by index
[ WARN:0@11.190] global cap.cpp:477 cv::VideoCapture::open VIDEOIO(DSHOW): backend is generally available but can't be used to capture by index
[ WARN:0@0.000] global cap_ffmpeg_impl.hpp:1246 open VIDEOIO/FFMPEG: OpenCV should be configured with libavdevice to open a camera device
[ERROR:0@11.950] global obsensor_uvc_stream_channel.cpp:163 cv::obsensor::getStreamChannelGroup Camera index out of range
[ERROR:0@12.114] global obsensor_uvc_stream_channel.cpp:163 cv::obsensor::getStreamChannelGroup Camera index out of range
[ERROR:0@12.266] global obsensor_uvc_stream_channel.cpp:163 cv::obsensor::getStreamChannelGroup Camera index out of range
[ERROR:0@12.408] global obsensor_uvc_stream_channel.cpp:163 cv::obsensor::getStreamChannelGroup Camera index out of range
[ WARN:0@12.414] global cap.cpp:477 cv::VideoCapture::open VIDEOIO(DSHOW): backend is generally available but can't be used to capture by index
[ WARN:0@12.419] global cap.cpp:477 cv::VideoCapture::open VIDEOIO(DSHOW): backend is generally available but can't be used to capture by index
[ WARN:0@12.422] global cap.cpp:477 cv::VideoCapture::open VIDEOIO(DSHOW): backend is generally available but can't be used to capture by index
[ WARN:0@12.425] global cap.cpp:477 cv::VideoCapture::open VIDEOIO(DSHOW): backend is generally available but can't be used to capture by index
[ERROR:0@12.549] global obsensor_uvc_stream_channel.cpp:163 cv::obsensor::getStreamChannelGroup Camera index out of range
[ERROR:0@12.734] global obsensor_uvc_stream_channel.cpp:163 cv::obsensor::getStreamChannelGroup Camera index out of range
[ERROR:0@13.388] global obsensor_uvc_stream_channel.cpp:163 cv::obsensor::getStreamChannelGroup Camera index out of range
[ERROR:0@13.989] global obsensor_uvc_stream_channel.cpp:163 cv::obsensor::getStreamChannelGroup Camera index out of range
[ WARN:0@13.992] global cap.cpp:477 cv::VideoCapture::open VIDEOIO(DSHOW): backend is generally available but can't be used to capture by index
[ WARN:0@13.995] global cap.cpp:477 cv::VideoCapture::open VIDEOIO(DSHOW): backend is generally available but can't be used to capture by index
[ WARN:0@13.997] global cap.cpp:477 cv::VideoCapture::open VIDEOIO(DSHOW): backend is generally available but can't be used to capture by index
[ WARN:0@14.000] global cap.cpp:477 cv::VideoCapture::open VIDEOIO(DSHOW): backend is generally available but can't be used to capture by index
[ERROR:0@14.111] global obsensor_uvc_stream_channel.cpp:163 cv::obsensor::getStreamChannelGroup Camera index out of range
[ERROR:0@14.245] global obsensor_uvc_stream_channel.cpp:163 cv::obsensor::getStreamChannelGroup Camera index out of range
[ERROR:0@14.374] global obsensor_uvc_stream_channel.cpp:163 cv::obsensor::getStreamChannelGroup Camera index out of range
[ERROR:0@15.005] global obsensor_uvc_stream_channel.cpp:163 cv::obsensor::getStreamChannelGroup Camera index out of range
[ WARN:0@15.010] global cap.cpp:477 cv::VideoCapture::open VIDEOIO(DSHOW): backend is generally available but can't be used to capture by index
[ WARN:0@15.015] global cap.cpp:477 cv::VideoCapture::open VIDEOIO(DSHOW): backend is generally available but can't be used to capture by index
[ WARN:0@15.019] global cap.cpp:477 cv::VideoCapture::open VIDEOIO(DSHOW): backend is generally available but can't be used to capture by index
[ WARN:0@15.024] global cap.cpp:477 cv::VideoCapture::open VIDEOIO(DSHOW): backend is generally available but can't be used to capture by index
[ERROR:0@15.221] global obsensor_uvc_stream_channel.cpp:163 cv::obsensor::getStreamChannelGroup Camera index out of range
[ERROR:0@15.358] global obsensor_uvc_stream_channel.cpp:163 cv::obsensor::getStreamChannelGroup Camera index out of range
[ERROR:0@15.990] global obsensor_uvc_stream_channel.cpp:163 cv::obsensor::getStreamChannelGroup Camera index out of range
[ERROR:0@16.129] global obsensor_uvc_stream_channel.cpp:163 cv::obsensor::getStreamChannelGroup Camera index out of range
[ WARN:0@16.132] global cap.cpp:477 cv::VideoCapture::open VIDEOIO(DSHOW): backend is generally available but can't be used to capture by index
[ WARN:0@16.135] global cap.cpp:477 cv::VideoCapture::open VIDEOIO(DSHOW): backend is generally available but can't be used to capture by index
[ WARN:0@16.138] global cap.cpp:477 cv::VideoCapture::open VIDEOIO(DSHOW): backend is generally available but can't be used to capture by index
[ WARN:0@16.141] global cap.cpp:477 cv::VideoCapture::open VIDEOIO(DSHOW): backend is generally available but can't be used to capture by index
[ERROR:0@16.763] global obsensor_uvc_stream_channel.cpp:163 cv::obsensor::getStreamChannelGroup Camera index out of range
[ERROR:0@16.895] global obsensor_uvc_stream_channel.cpp:163 cv::obsensor::getStreamChannelGroup Camera index out of range
[ERROR:0@17.502] global obsensor_uvc_stream_channel.cpp:163 cv::obsensor::getStreamChannelGroup Camera index out of range
[ERROR:0@17.622] global obsensor_uvc_stream_channel.cpp:163 cv::obsensor::getStreamChannelGroup Camera index out of range
[ WARN:0@17.625] global cap.cpp:477 cv::VideoCapture::open VIDEOIO(DSHOW): backend is generally available but can't be used to capture by index
[ WARN:0@17.628] global cap.cpp:477 cv::VideoCapture::open VIDEOIO(DSHOW): backend is generally available but can't be used to capture by index
[ WARN:0@17.631] global cap.cpp:477 cv::VideoCapture::open VIDEOIO(DSHOW): backend is generally available but can't be used to capture by index
[ WARN:0@17.634] global cap.cpp:477 cv::VideoCapture::open VIDEOIO(DSHOW): backend is generally available but can't be used to capture by index
[ERROR:0@18.249] global obsensor_uvc_stream_channel.cpp:163 cv::obsensor::getStreamChannelGroup Camera index out of range
[ERROR:0@18.368] global obsensor_uvc_stream_channel.cpp:163 cv::obsensor::getStreamChannelGroup Camera index out of range
[ERROR:0@18.687] global obsensor_uvc_stream_channel.cpp:163 cv::obsensor::getStreamChannelGroup Camera index out of range
[ERROR:0@18.809] global obsensor_uvc_stream_channel.cpp:163 cv::obsensor::getStreamChannelGroup Camera index out of range
[ WARN:0@18.814] global cap.cpp:477 cv::VideoCapture::open VIDEOIO(DSHOW): backend is generally available but can't be used to capture by index
[ WARN:0@18.819] global cap.cpp:477 cv::VideoCapture::open VIDEOIO(DSHOW): backend is generally available but can't be used to capture by index
[ WARN:0@18.851] global cap.cpp:477 cv::VideoCapture::open VIDEOIO(DSHOW): backend is generally available but can't be used to capture by index
[ WARN:0@18.854] global cap.cpp:477 cv::VideoCapture::open VIDEOIO(DSHOW): backend is generally available but can't be used to capture by index
[ERROR:0@18.983] global obsensor_uvc_stream_channel.cpp:163 cv::obsensor::getStreamChannelGroup Camera index out of range
[ERROR:0@19.108] global obsensor_uvc_stream_channel.cpp:163 cv::obsensor::getStreamChannelGroup Camera index out of range
[ERROR:0@19.737] global obsensor_uvc_stream_channel.cpp:163 cv::obsensor::getStreamChannelGroup Camera index out of range
[ERROR:0@19.863] global obsensor_uvc_stream_channel.cpp:163 cv::obsensor::getStreamChannelGroup Camera index out of range
[ WARN:0@19.866] global cap.cpp:477 cv::VideoCapture::open VIDEOIO(DSHOW): backend is generally available but can't be used to capture by index
[ WARN:0@19.868] global cap.cpp:477 cv::VideoCapture::open VIDEOIO(DSHOW): backend is generally available but can't be used to capture by index
[ WARN:0@19.871] global cap.cpp:477 cv::VideoCapture::open VIDEOIO(DSHOW): backend is generally available but can't be used to capture by index
[ WARN:0@19.874] global cap.cpp:477 cv::VideoCapture::open VIDEOIO(DSHOW): backend is generally available but can't be used to capture by index
[ERROR:0@20.007] global obsensor_uvc_stream_channel.cpp:163 cv::obsensor::getStreamChannelGroup Camera index out of range
[ERROR:0@20.152] global obsensor_uvc_stream_channel.cpp:163 cv::obsensor::getStreamChannelGroup Camera index out of range
[ERROR:0@20.308] global obsensor_uvc_stream_channel.cpp:163 cv::obsensor::getStreamChannelGroup Camera index out of range
[ERROR:0@20.451] global obsensor_uvc_stream_channel.cpp:163 cv::obsensor::getStreamChannelGroup Camera index out of range
[ WARN:0@20.454] global cap.cpp:477 cv::VideoCapture::open VIDEOIO(DSHOW): backend is generally available but can't be used to capture by index
[ WARN:0@20.457] global cap.cpp:477 cv::VideoCapture::open VIDEOIO(DSHOW): backend is generally available but can't be used to capture by index
[ WARN:0@20.460] global cap.cpp:477 cv::VideoCapture::open VIDEOIO(DSHOW): backend is generally available but can't be used to capture by index
[ WARN:0@20.465] global cap.cpp:477 cv::VideoCapture::open VIDEOIO(DSHOW): backend is generally available but can't be used to capture by index
[ERROR:0@21.088] global obsensor_uvc_stream_channel.cpp:163 cv::obsensor::getStreamChannelGroup Camera index out of range
[ERROR:0@21.216] global obsensor_uvc_stream_channel.cpp:163 cv::obsensor::getStreamChannelGroup Camera index out of range
[ERROR:0@21.824] global obsensor_uvc_stream_channel.cpp:163 cv::obsensor::getStreamChannelGroup Camera index out of range
[ERROR:0@22.421] global obsensor_uvc_stream_channel.cpp:163 cv::obsensor::getStreamChannelGroup Camera index out of range
[ WARN:0@22.424] global cap.cpp:477 cv::VideoCapture::open VIDEOIO(DSHOW): backend is generally available but can't be used to capture by index
[ WARN:0@22.427] global cap.cpp:477 cv::VideoCapture::open VIDEOIO(DSHOW): backend is generally available but can't be used to capture by index
[ WARN:0@22.430] global cap.cpp:477 cv::VideoCapture::open VIDEOIO(DSHOW): backend is generally available but can't be used to capture by index
[ WARN:0@22.433] global cap.cpp:477 cv::VideoCapture::open VIDEOIO(DSHOW): backend is generally available but can't be used to capture by index
[ERROR:0@22.538] global obsensor_uvc_stream_channel.cpp:163 cv::obsensor::getStreamChannelGroup Camera index out of range
[ERROR:0@23.171] global obsensor_uvc_stream_channel.cpp:163 cv::obsensor::getStreamChannelGroup Camera index out of range
[ERROR:0@23.296] global obsensor_uvc_stream_channel.cpp:163 cv::obsensor::getStreamChannelGroup Camera index out of range
[ERROR:0@23.430] global obsensor_uvc_stream_channel.cpp:163 cv::obsensor::getStreamChannelGroup Camera index out of range
[ WARN:0@23.434] global cap.cpp:477 cv::VideoCapture::open VIDEOIO(DSHOW): backend is generally available but can't be used to capture by index
[ WARN:0@23.437] global cap.cpp:477 cv::VideoCapture::open VIDEOIO(DSHOW): backend is generally available but can't be used to capture by index
[ WARN:0@23.440] global cap.cpp:477 cv::VideoCapture::open VIDEOIO(DSHOW): backend is generally available but can't be used to capture by index
[ WARN:0@23.442] global cap.cpp:477 cv::VideoCapture::open VIDEOIO(DSHOW): backend is generally available but can't be used to capture by index
[ERROR:0@23.752] global obsensor_uvc_stream_channel.cpp:163 cv::obsensor::getStreamChannelGroup Camera index out of range
[ERROR:0@23.904] global obsensor_uvc_stream_channel.cpp:163 cv::obsensor::getStreamChannelGroup Camera index out of range
[ERROR:0@24.045] global obsensor_uvc_stream_channel.cpp:163 cv::obsensor::getStreamChannelGroup Camera index out of range
[ERROR:0@24.189] global obsensor_uvc_stream_channel.cpp:163 cv::obsensor::getStreamChannelGroup Camera index out of range
[ WARN:0@24.192] global cap.cpp:477 cv::VideoCapture::open VIDEOIO(DSHOW): backend is generally available but can't be used to capture by index
[ WARN:0@24.195] global cap.cpp:477 cv::VideoCapture::open VIDEOIO(DSHOW): backend is generally available but can't be used to capture by index
[ WARN:0@24.198] global cap.cpp:477 cv::VideoCapture::open VIDEOIO(DSHOW): backend is generally available but can't be used to capture by index
[ WARN:0@24.201] global cap.cpp:477 cv::VideoCapture::open VIDEOIO(DSHOW): backend is generally available but can't be used to capture by index
[ERROR:0@24.342] global obsensor_uvc_stream_channel.cpp:163 cv::obsensor::getStreamChannelGroup Camera index out of range
[ERROR:0@24.494] global obsensor_uvc_stream_channel.cpp:163 cv::obsensor::getStreamChannelGroup Camera index out of range
[ERROR:0@25.124] global obsensor_uvc_stream_channel.cpp:163 cv::obsensor::getStreamChannelGroup Camera index out of range
[ERROR:0@25.263] global obsensor_uvc_stream_channel.cpp:163 cv::obsensor::getStreamChannelGroup Camera index out of range
[ WARN:0@25.266] global cap.cpp:477 cv::VideoCapture::open VIDEOIO(DSHOW): backend is generally available but can't be used to capture by index
[ WARN:0@25.269] global cap.cpp:477 cv::VideoCapture::open VIDEOIO(DSHOW): backend is generally available but can't be used to capture by index
[ WARN:0@25.272] global cap.cpp:477 cv::VideoCapture::open VIDEOIO(DSHOW): backend is generally available but can't be used to capture by index
[ WARN:0@25.274] global cap.cpp:477 cv::VideoCapture::open VIDEOIO(DSHOW): backend is generally available but can't be used to capture by index
[ERROR:0@25.407] global obsensor_uvc_stream_channel.cpp:163 cv::obsensor::getStreamChannelGroup Camera index out of range
[ERROR:0@25.553] global obsensor_uvc_stream_channel.cpp:163 cv::obsensor::getStreamChannelGroup Camera index out of range
[ERROR:0@25.687] global obsensor_uvc_stream_channel.cpp:163 cv::obsensor::getStreamChannelGroup Camera index out of range
[ERROR:0@25.857] global obsensor_uvc_stream_channel.cpp:163 cv::obsensor::getStreamChannelGroup Camera index out of range
2026-09-17 09:57:50,138 INFO mongdee.web.booth_manager: [HW] CPU: 8 logical / 4 physical cores | RAM: 15.8 GB | GPU: NVIDIA GeForce GTX 1050 (3.0 GB VRAM) | Tier: HIGH
2026-09-17 09:57:50,456 INFO mongdee.web.booth_manager: [SCHEDULE] ถึงเวลาเปิดบูธ (-) — เริ่มกล้องอัตโนมัติ
[ WARN:1@30.523] global cap.cpp:477 cv::VideoCapture::open VIDEOIO(DSHOW): backend is generally available but can't be used to capture by index
[ WARN:1@40.296] global cap.cpp:477 cv::VideoCapture::open VIDEOIO(DSHOW): backend is generally available but can't be used to capture by index
2026-09-17 09:58:06,525 WARNING mongdee.core.performance: [PERF] CPU สูงต่อเนื่อง (100% >= 95% นาน 6s) — พัก AI ทั้งระบบชั่วคราว (Camera Preview ยังทำงานปกติ)
2026-09-17 09:58:08,531 INFO mongdee.core.performance: [PERF] CAM-3: restoring AI input resolution (320px -> 480px)
2026-09-17 09:58:10,537 INFO mongdee.core.performance: [PERF] CAM-3: restoring AI input resolution (480px -> 640px)
2026-09-17 09:58:12,546 INFO mongdee.core.performance: [PERF] CAM-3: restoring AI inference rate (every 8 -> 7 frames)
[ WARN:2@52.663] global cap.cpp:477 cv::VideoCapture::open VIDEOIO(DSHOW): backend is generally available but can't be used to capture by index
[ WARN:2@52.671] global cap.cpp:477 cv::VideoCapture::open VIDEOIO(DSHOW): backend is generally available but can't be used to capture by index
[ WARN:2@52.679] global cap.cpp:477 cv::VideoCapture::open VIDEOIO(DSHOW): backend is generally available but can't be used to capture by index
[ WARN:2@52.686] global cap.cpp:477 cv::VideoCapture::open VIDEOIO(DSHOW): backend is generally available but can't be used to capture by index
[ERROR:2@53.089] global obsensor_uvc_stream_channel.cpp:163 cv::obsensor::getStreamChannelGroup Camera index out of range
2026-09-17 09:58:14,561 INFO mongdee.core.performance: [PERF] CAM-3: reducing AI inference rate (every 7 -> 8 frames)
[ERROR:2@53.488] global obsensor_uvc_stream_channel.cpp:163 cv::obsensor::getStreamChannelGroup Camera index out of range
[ERROR:2@53.816] global obsensor_uvc_stream_channel.cpp:163 cv::obsensor::getStreamChannelGroup Camera index out of range
[ERROR:2@54.076] global obsensor_uvc_stream_channel.cpp:163 cv::obsensor::getStreamChannelGroup Camera index out of range
[ WARN:3@54.214] global cap.cpp:477 cv::VideoCapture::open VIDEOIO(DSHOW): backend is generally available but can't be used to capture by index
[ WARN:3@54.383] global cap.cpp:477 cv::VideoCapture::open VIDEOIO(DSHOW): backend is generally available but can't be used to capture by index
[ WARN:3@54.618] global cap.cpp:477 cv::VideoCapture::open VIDEOIO(DSHOW): backend is generally available but can't be used to capture by index
[ WARN:3@54.849] global cap.cpp:477 cv::VideoCapture::open VIDEOIO(DSHOW): backend is generally available but can't be used to capture by index
2026-09-17 09:58:16,569 INFO mongdee.core.performance: [PERF] CAM-1: restoring AI input resolution (320px -> 480px)
2026-09-17 09:58:16,571 INFO mongdee.core.performance: [PERF] CAM-3: restoring AI inference rate (every 8 -> 7 frames)
2026-09-17 09:58:18,583 INFO mongdee.core.performance: [PERF] CAM-1: restoring AI input resolution (480px -> 640px)
2026-09-17 09:58:18,586 INFO mongdee.core.performance: [PERF] CAM-3: restoring AI inference rate (every 7 -> 6 frames)
2026-09-17 09:58:20,613 INFO mongdee.core.performance: [PERF] CAM-1: reducing AI input resolution (640px -> 480px)
2026-09-17 09:58:20,617 INFO mongdee.core.performance: [PERF] CAM-3: reducing AI inference rate (every 6 -> 7 frames)
[ WARN:4@59.957] global cap_msmf.cpp:477 `anonymous-namespace'::SourceReaderCB::OnReadSample videoio(MSMF): OnReadSample() is called with error status: -1072875772
[ WARN:4@59.958] global cap_msmf.cpp:488 `anonymous-namespace'::SourceReaderCB::OnReadSample videoio(MSMF): async ReadSample() call is failed with error status: -1072875772
[ WARN:3@59.959] global cap_msmf.cpp:1816 CvCapture_MSMF::grabFrame videoio(MSMF): can't grab frame. Error: -1072875772
[ WARN:3@60.010] global cap_msmf.cpp:1816 CvCapture_MSMF::grabFrame videoio(MSMF): can't grab frame. Error: -1072875772
[ WARN:3@60.064] global cap_msmf.cpp:1816 CvCapture_MSMF::grabFrame videoio(MSMF): can't grab frame. Error: -1072875772
2026-09-17 09:58:22,633 INFO mongdee.core.performance: [PERF] CAM-1: restoring AI input resolution (480px -> 640px)
2026-09-17 09:58:22,636 INFO mongdee.core.performance: [PERF] CAM-3: restoring AI inference rate (every 7 -> 6 frames)
2026-09-17 09:58:24,688 INFO mongdee.core.performance: [PERF] CAM-1: reducing AI input resolution (640px -> 480px)
2026-09-17 09:58:24,693 INFO mongdee.core.performance: [PERF] CAM-3: reducing AI inference rate (every 6 -> 7 frames)
[ WARN:4@65.082] global cap_msmf.cpp:477 `anonymous-namespace'::SourceReaderCB::OnReadSample videoio(MSMF): OnReadSample() is called with error status: -1072875772
[ WARN:4@65.083] global cap_msmf.cpp:488 `anonymous-namespace'::SourceReaderCB::OnReadSample videoio(MSMF): async ReadSample() call is failed with error status: -1072875772
[ WARN:3@65.084] global cap_msmf.cpp:1816 CvCapture_MSMF::grabFrame videoio(MSMF): can't grab frame. Error: -1072875772
[ WARN:3@65.136] global cap_msmf.cpp:1816 CvCapture_MSMF::grabFrame videoio(MSMF): can't grab frame. Error: -1072875772
[ WARN:3@65.187] global cap_msmf.cpp:1816 CvCapture_MSMF::grabFrame videoio(MSMF): can't grab frame. Error: -1072875772
2026-09-17 09:58:26,703 INFO mongdee.core.performance: [PERF] CAM-1: reducing AI input resolution (480px -> 320px)
2026-09-17 09:58:26,706 INFO mongdee.core.performance: [PERF] CAM-3: reducing AI inference rate (every 7 -> 8 frames)
2026-09-17 09:58:28,715 INFO mongdee.core.performance: [PERF] CAM-1: restoring AI input resolution (320px -> 480px)
2026-09-17 09:58:28,717 INFO mongdee.core.performance: [PERF] CAM-3: restoring AI inference rate (every 8 -> 7 frames)
[ WARN:4@68.614] global cap_msmf.cpp:477 `anonymous-namespace'::SourceReaderCB::OnReadSample videoio(MSMF): OnReadSample() is called with error status: -1072875772
[ WARN:4@68.632] global cap_msmf.cpp:488 `anonymous-namespace'::SourceReaderCB::OnReadSample videoio(MSMF): async ReadSample() call is failed with error status: -1072875772
[ WARN:3@68.633] global cap_msmf.cpp:1816 CvCapture_MSMF::grabFrame videoio(MSMF): can't grab frame. Error: -1072875772
[ WARN:3@68.684] global cap_msmf.cpp:1816 CvCapture_MSMF::grabFrame videoio(MSMF): can't grab frame. Error: -1072875772
[ WARN:3@68.735] global cap_msmf.cpp:1816 CvCapture_MSMF::grabFrame videoio(MSMF): can't grab frame. Error: -1072875772
2026-09-17 09:58:30,728 INFO mongdee.core.performance: [PERF] CAM-1: restoring AI input resolution (480px -> 640px)
2026-09-17 09:58:30,730 INFO mongdee.core.performance: [PERF] CAM-3: restoring AI inference rate (every 7 -> 6 frames)
[ WARN:4@69.659] global cap_msmf.cpp:477 `anonymous-namespace'::SourceReaderCB::OnReadSample videoio(MSMF): OnReadSample() is called with error status: -1072875772
[ WARN:4@69.660] global cap_msmf.cpp:488 `anonymous-namespace'::SourceReaderCB::OnReadSample videoio(MSMF): async ReadSample() call is failed with error status: -1072875772
[ WARN:3@69.660] global cap_msmf.cpp:1816 CvCapture_MSMF::grabFrame videoio(MSMF): can't grab frame. Error: -1072875772
[ WARN:3@69.712] global cap_msmf.cpp:1816 CvCapture_MSMF::grabFrame videoio(MSMF): can't grab frame. Error: -1072875772
[ WARN:3@69.771] global cap_msmf.cpp:1816 CvCapture_MSMF::grabFrame videoio(MSMF): can't grab frame. Error: -1072875772
[ WARN:2@69.779] global cap.cpp:477 cv::VideoCapture::open VIDEOIO(DSHOW): backend is generally available but can't be used to capture by index
[ WARN:2@69.785] global cap.cpp:477 cv::VideoCapture::open VIDEOIO(DSHOW): backend is generally available but can't be used to capture by index
[ WARN:2@69.835] global cap.cpp:477 cv::VideoCapture::open VIDEOIO(DSHOW): backend is generally available but can't be used to capture by index
[ WARN:2@69.839] global cap.cpp:477 cv::VideoCapture::open VIDEOIO(DSHOW): backend is generally available but can't be used to capture by index
[ERROR:2@69.899] global obsensor_uvc_stream_channel.cpp:163 cv::obsensor::getStreamChannelGroup Camera index out of range
[ERROR:2@69.959] global obsensor_uvc_stream_channel.cpp:163 cv::obsensor::getStreamChannelGroup Camera index out of range
[ERROR:2@70.029] global obsensor_uvc_stream_channel.cpp:163 cv::obsensor::getStreamChannelGroup Camera index out of range
[ERROR:2@70.124] global obsensor_uvc_stream_channel.cpp:163 cv::obsensor::getStreamChannelGroup Camera index out of range
[ WARN:3@70.239] global cap.cpp:477 cv::VideoCapture::open VIDEOIO(DSHOW): backend is generally available but can't be used to capture by index
[ WARN:3@70.328] global cap.cpp:477 cv::VideoCapture::open VIDEOIO(DSHOW): backend is generally available but can't be used to capture by index
[ WARN:3@70.432] global cap.cpp:477 cv::VideoCapture::open VIDEOIO(DSHOW): backend is generally available but can't be used to capture by index
[ WARN:3@70.592] global cap.cpp:477 cv::VideoCapture::open VIDEOIO(DSHOW): backend is generally available but can't be used to capture by index
2026-09-17 09:58:32,736 INFO mongdee.core.performance: [PERF] CAM-1: restoring AI inference rate (every 8 -> 7 frames)
2026-09-17 09:58:32,739 INFO mongdee.core.performance: [PERF] CAM-3: restoring AI inference rate (every 6 -> 5 frames)
2026-09-17 09:58:34,747 INFO mongdee.core.performance: [PERF] CAM-1: restoring AI inference rate (every 7 -> 6 frames)
2026-09-17 09:58:34,749 INFO mongdee.core.performance: [PERF] CAM-3: restoring AI inference rate (every 5 -> 4 frames)
[ WARN:5@73.912] global cap_msmf.cpp:477 `anonymous-namespace'::SourceReaderCB::OnReadSample videoio(MSMF): OnReadSample() is called with error status: -1072875772
[ WARN:5@73.913] global cap_msmf.cpp:488 `anonymous-namespace'::SourceReaderCB::OnReadSample videoio(MSMF): async ReadSample() call is failed with error status: -1072875772
[ WARN:3@73.914] global cap_msmf.cpp:1816 CvCapture_MSMF::grabFrame videoio(MSMF): can't grab frame. Error: -1072875772
[ WARN:3@73.966] global cap_msmf.cpp:1816 CvCapture_MSMF::grabFrame videoio(MSMF): can't grab frame. Error: -1072875772
[ WARN:3@74.018] global cap_msmf.cpp:1816 CvCapture_MSMF::grabFrame videoio(MSMF): can't grab frame. Error: -1072875772
2026-09-17 09:58:36,767 INFO mongdee.core.performance: [PERF] CAM-1: restoring AI inference rate (every 6 -> 5 frames)
2026-09-17 09:58:36,785 INFO mongdee.core.performance: [PERF] CAM-3: restoring AI inference rate (every 4 -> 3 frames)
[ WARN:5@77.052] global cap_msmf.cpp:477 `anonymous-namespace'::SourceReaderCB::OnReadSample videoio(MSMF): OnReadSample() is called with error status: -1072875772
[ WARN:5@77.053] global cap_msmf.cpp:488 `anonymous-namespace'::SourceReaderCB::OnReadSample videoio(MSMF): async ReadSample() call is failed with error status: -1072875772
[ WARN:3@77.054] global cap_msmf.cpp:1816 CvCapture_MSMF::grabFrame videoio(MSMF): can't grab frame. Error: -1072875772
[ WARN:3@77.105] global cap_msmf.cpp:1816 CvCapture_MSMF::grabFrame videoio(MSMF): can't grab frame. Error: -1072875772
[ WARN:3@77.156] global cap_msmf.cpp:1816 CvCapture_MSMF::grabFrame videoio(MSMF): can't grab frame. Error: -1072875772
2026-09-17 09:58:38,795 INFO mongdee.core.performance: [PERF] CAM-1: restoring AI inference rate (every 5 -> 4 frames)
2026-09-17 09:58:38,796 INFO mongdee.core.performance: [PERF] CAM-3: restoring AI inference rate (every 3 -> 2 frames)
2026-09-17 09:58:40,803 INFO mongdee.core.performance: [PERF] CAM-1: restoring AI inference rate (every 4 -> 3 frames)
2026-09-17 09:58:40,805 INFO mongdee.core.performance: [PERF] CAM-3: restoring AI inference rate (every 2 -> 1 frames)
[ WARN:4@80.728] global cap_msmf.cpp:477 `anonymous-namespace'::SourceReaderCB::OnReadSample videoio(MSMF): OnReadSample() is called with error status: -1072875772
[ WARN:4@80.729] global cap_msmf.cpp:488 `anonymous-namespace'::SourceReaderCB::OnReadSample videoio(MSMF): async ReadSample() call is failed with error status: -1072875772
[ WARN:3@80.730] global cap_msmf.cpp:1816 CvCapture_MSMF::grabFrame videoio(MSMF): can't grab frame. Error: -1072875772
[ WARN:3@80.782] global cap_msmf.cpp:1816 CvCapture_MSMF::grabFrame videoio(MSMF): can't grab frame. Error: -1072875772
[ WARN:3@80.834] global cap_msmf.cpp:1816 CvCapture_MSMF::grabFrame videoio(MSMF): can't grab frame. Error: -1072875772
2026-09-17 09:58:42,810 INFO mongdee.core.performance: [PERF] CAM-1: restoring AI inference rate (every 3 -> 2 frames)
[ WARN:4@81.703] global cap_msmf.cpp:477 `anonymous-namespace'::SourceReaderCB::OnReadSample videoio(MSMF): OnReadSample() is called with error status: -1072875772
[ WARN:4@81.704] global cap_msmf.cpp:488 `anonymous-namespace'::SourceReaderCB::OnReadSample videoio(MSMF): async ReadSample() call is failed with error status: -1072875772
[ WARN:3@81.705] global cap_msmf.cpp:1816 CvCapture_MSMF::grabFrame videoio(MSMF): can't grab frame. Error: -1072875772
[ WARN:3@81.756] global cap_msmf.cpp:1816 CvCapture_MSMF::grabFrame videoio(MSMF): can't grab frame. Error: -1072875772
[ WARN:3@81.808] global cap_msmf.cpp:1816 CvCapture_MSMF::grabFrame videoio(MSMF): can't grab frame. Error: -1072875772
[ WARN:2@81.818] global cap.cpp:477 cv::VideoCapture::open VIDEOIO(DSHOW): backend is generally available but can't be used to capture by index
[ WARN:2@81.822] global cap.cpp:477 cv::VideoCapture::open VIDEOIO(DSHOW): backend is generally available but can't be used to capture by index
[ WARN:2@81.827] global cap.cpp:477 cv::VideoCapture::open VIDEOIO(DSHOW): backend is generally available but can't be used to capture by index
[ WARN:2@81.833] global cap.cpp:477 cv::VideoCapture::open VIDEOIO(DSHOW): backend is generally available but can't be used to capture by index
[ERROR:2@81.949] global obsensor_uvc_stream_channel.cpp:163 cv::obsensor::getStreamChannelGroup Camera index out of range
[ERROR:2@82.024] global obsensor_uvc_stream_channel.cpp:163 cv::obsensor::getStreamChannelGroup Camera index out of range
[ERROR:2@82.092] global obsensor_uvc_stream_channel.cpp:163 cv::obsensor::getStreamChannelGroup Camera index out of range
[ERROR:2@82.177] global obsensor_uvc_stream_channel.cpp:163 cv::obsensor::getStreamChannelGroup Camera index out of range
[ WARN:3@82.284] global cap.cpp:477 cv::VideoCapture::open VIDEOIO(DSHOW): backend is generally available but can't be used to capture by index
[ WARN:3@82.390] global cap.cpp:477 cv::VideoCapture::open VIDEOIO(DSHOW): backend is generally available but can't be used to capture by index
[ WARN:3@82.559] global cap.cpp:477 cv::VideoCapture::open VIDEOIO(DSHOW): backend is generally available but can't be used to capture by index
[ WARN:3@82.724] global cap.cpp:477 cv::VideoCapture::open VIDEOIO(DSHOW): backend is generally available but can't be used to capture by index
2026-09-17 09:58:44,819 INFO mongdee.core.performance: [PERF] CAM-1: restoring AI inference rate (every 2 -> 1 frames)
[ WARN:4@86.422] global cap_msmf.cpp:477 `anonymous-namespace'::SourceReaderCB::OnReadSample videoio(MSMF): OnReadSample() is called with error status: -1072875772
[ WARN:4@86.427] global cap_msmf.cpp:488 `anonymous-namespace'::SourceReaderCB::OnReadSample videoio(MSMF): async ReadSample() call is failed with error status: -1072875772
[ WARN:3@86.430] global cap_msmf.cpp:1816 CvCapture_MSMF::grabFrame videoio(MSMF): can't grab frame. Error: -1072875772
[ WARN:3@86.483] global cap_msmf.cpp:1816 CvCapture_MSMF::grabFrame videoio(MSMF): can't grab frame. Error: -1072875772
[ WARN:3@86.538] global cap_msmf.cpp:1816 CvCapture_MSMF::grabFrame videoio(MSMF): can't grab frame. Error: -1072875772
2026-09-17 09:58:48,844 INFO mongdee.core.performance: [PERF] CAM-1: reducing AI inference rate (every 1 -> 2 frames)
2026-09-17 09:58:48,846 INFO mongdee.core.performance: [PERF] CAM-3: reducing AI inference rate (every 1 -> 2 frames)
2026-09-17 09:58:50,852 INFO mongdee.core.performance: [PERF] CAM-1: restoring AI inference rate (every 2 -> 1 frames)
2026-09-17 09:58:50,854 INFO mongdee.core.performance: [PERF] CAM-3: restoring AI inference rate (every 2 -> 1 frames)
[ WARN:4@90.304] global cap_msmf.cpp:477 `anonymous-namespace'::SourceReaderCB::OnReadSample videoio(MSMF): OnReadSample() is called with error status: -1072875772
[ WARN:4@90.305] global cap_msmf.cpp:488 `anonymous-namespace'::SourceReaderCB::OnReadSample videoio(MSMF): async ReadSample() call is failed with error status: -1072875772
[ WARN:3@90.306] global cap_msmf.cpp:1816 CvCapture_MSMF::grabFrame videoio(MSMF): can't grab frame. Error: -1072875772
[ WARN:3@90.358] global cap_msmf.cpp:1816 CvCapture_MSMF::grabFrame videoio(MSMF): can't grab frame. Error: -1072875772
[ WARN:3@90.882] global cap_msmf.cpp:1816 CvCapture_MSMF::grabFrame videoio(MSMF): can't grab frame. Error: -1072875772
2026-09-17 09:58:54,888 INFO mongdee.core.performance: [PERF] CAM-1: reducing AI inference rate (every 1 -> 2 frames)
2026-09-17 09:58:54,890 INFO mongdee.core.performance: [PERF] CAM-3: reducing AI inference rate (every 1 -> 2 frames)
[ WARN:4@95.286] global cap_msmf.cpp:477 `anonymous-namespace'::SourceReaderCB::OnReadSample videoio(MSMF): OnReadSample() is called with error status: -1072875772
[ WARN:4@95.287] global cap_msmf.cpp:488 `anonymous-namespace'::SourceReaderCB::OnReadSample videoio(MSMF): async ReadSample() call is failed with error status: -1072875772
[ WARN:3@95.288] global cap_msmf.cpp:1816 CvCapture_MSMF::grabFrame videoio(MSMF): can't grab frame. Error: -1072875772
[ WARN:3@95.340] global cap_msmf.cpp:1816 CvCapture_MSMF::grabFrame videoio(MSMF): can't grab frame. Error: -1072875772
[ WARN:3@95.392] global cap_msmf.cpp:1816 CvCapture_MSMF::grabFrame videoio(MSMF): can't grab frame. Error: -1072875772
2026-09-17 09:58:56,901 INFO mongdee.core.performance: [PERF] CAM-1: restoring AI inference rate (every 2 -> 1 frames)
2026-09-17 09:58:56,906 INFO mongdee.core.performance: [PERF] CAM-3: restoring AI inference rate (every 2 -> 1 frames)
[ WARN:4@96.352] global cap_msmf.cpp:477 `anonymous-namespace'::SourceReaderCB::OnReadSample videoio(MSMF): OnReadSample() is called with error status: -1072875772
[ WARN:4@96.360] global cap_msmf.cpp:488 `anonymous-namespace'::SourceReaderCB::OnReadSample videoio(MSMF): async ReadSample() call is failed with error status: -1072875772
[ WARN:3@96.361] global cap_msmf.cpp:1816 CvCapture_MSMF::grabFrame videoio(MSMF): can't grab frame. Error: -1072875772
[ WARN:3@96.413] global cap_msmf.cpp:1816 CvCapture_MSMF::grabFrame videoio(MSMF): can't grab frame. Error: -1072875772
[ WARN:3@96.465] global cap_msmf.cpp:1816 CvCapture_MSMF::grabFrame videoio(MSMF): can't grab frame. Error: -1072875772
[ WARN:3@97.304] global cap.cpp:477 cv::VideoCapture::open VIDEOIO(DSHOW): backend is generally available but can't be used to capture by index
[ WARN:3@97.694] global cap.cpp:477 cv::VideoCapture::open VIDEOIO(DSHOW): backend is generally available but can't be used to capture by index
[ WARN:3@97.932] global cap.cpp:477 cv::VideoCapture::open VIDEOIO(DSHOW): backend is generally available but can't be used to capture by index
[ WARN:3@98.147] global cap.cpp:477 cv::VideoCapture::open VIDEOIO(DSHOW): backend is generally available but can't be used to capture by index
[ WARN:6@102.586] global cap_msmf.cpp:477 `anonymous-namespace'::SourceReaderCB::OnReadSample videoio(MSMF): OnReadSample() is called with error status: -1072875772
[ WARN:6@102.587] global cap_msmf.cpp:488 `anonymous-namespace'::SourceReaderCB::OnReadSample videoio(MSMF): async ReadSample() call is failed with error status: -1072875772
[ WARN:3@102.588] global cap_msmf.cpp:1816 CvCapture_MSMF::grabFrame videoio(MSMF): can't grab frame. Error: -1072875772
[ WARN:3@102.639] global cap_msmf.cpp:1816 CvCapture_MSMF::grabFrame videoio(MSMF): can't grab frame. Error: -1072875772
[ WARN:3@102.691] global cap_msmf.cpp:1816 CvCapture_MSMF::grabFrame videoio(MSMF): can't grab frame. Error: -1072875772
[ WARN:4@106.206] global cap_msmf.cpp:477 `anonymous-namespace'::SourceReaderCB::OnReadSample videoio(MSMF): OnReadSample() is called with error status: -1072875772
[ WARN:4@106.207] global cap_msmf.cpp:488 `anonymous-namespace'::SourceReaderCB::OnReadSample videoio(MSMF): async ReadSample() call is failed with error status: -1072875772
[ WARN:3@106.207] global cap_msmf.cpp:1816 CvCapture_MSMF::grabFrame videoio(MSMF): can't grab frame. Error: -1072875772
[ WARN:3@106.259] global cap_msmf.cpp:1816 CvCapture_MSMF::grabFrame videoio(MSMF): can't grab frame. Error: -1072875772
[ WARN:3@106.358] global cap_msmf.cpp:1816 CvCapture_MSMF::grabFrame videoio(MSMF): can't grab frame. Error: -1072875772
[ WARN:6@110.318] global cap_msmf.cpp:477 `anonymous-namespace'::SourceReaderCB::OnReadSample videoio(MSMF): OnReadSample() is called with error status: -1072875772
[ WARN:6@110.319] global cap_msmf.cpp:488 `anonymous-namespace'::SourceReaderCB::OnReadSample videoio(MSMF): async ReadSample() call is failed with error status: -1072875772
[ WARN:3@110.320] global cap_msmf.cpp:1816 CvCapture_MSMF::grabFrame videoio(MSMF): can't grab frame. Error: -1072875772
[ WARN:3@110.371] global cap_msmf.cpp:1816 CvCapture_MSMF::grabFrame videoio(MSMF): can't grab frame. Error: -1072875772
[ WARN:3@110.423] global cap_msmf.cpp:1816 CvCapture_MSMF::grabFrame videoio(MSMF): can't grab frame. Error: -1072875772
[ WARN:6@111.442] global cap_msmf.cpp:477 `anonymous-namespace'::SourceReaderCB::OnReadSample videoio(MSMF): OnReadSample() is called with error status: -1072875772
[ WARN:6@111.443] global cap_msmf.cpp:488 `anonymous-namespace'::SourceReaderCB::OnReadSample videoio(MSMF): async ReadSample() call is failed with error status: -1072875772
[ WARN:3@111.444] global cap_msmf.cpp:1816 CvCapture_MSMF::grabFrame videoio(MSMF): can't grab frame. Error: -1072875772
[ WARN:3@111.495] global cap_msmf.cpp:1816 CvCapture_MSMF::grabFrame videoio(MSMF): can't grab frame. Error: -1072875772
[ WARN:3@111.547] global cap_msmf.cpp:1816 CvCapture_MSMF::grabFrame videoio(MSMF): can't grab frame. Error: -1072875772
[ WARN:2@111.564] global cap.cpp:477 cv::VideoCapture::open VIDEOIO(DSHOW): backend is generally available but can't be used to capture by index
[ WARN:2@111.572] global cap.cpp:477 cv::VideoCapture::open VIDEOIO(DSHOW): backend is generally available but can't be used to capture by index
[ WARN:2@111.603] global cap.cpp:477 cv::VideoCapture::open VIDEOIO(DSHOW): backend is generally available but can't be used to capture by index
[ WARN:2@111.612] global cap.cpp:477 cv::VideoCapture::open VIDEOIO(DSHOW): backend is generally available but can't be used to capture by index
[ERROR:2@111.709] global obsensor_uvc_stream_channel.cpp:163 cv::obsensor::getStreamChannelGroup Camera index out of range
[ERROR:2@111.815] global obsensor_uvc_stream_channel.cpp:163 cv::obsensor::getStreamChannelGroup Camera index out of range
[ERROR:2@111.960] global obsensor_uvc_stream_channel.cpp:163 cv::obsensor::getStreamChannelGroup Camera index out of range
[ERROR:2@112.054] global obsensor_uvc_stream_channel.cpp:163 cv::obsensor::getStreamChannelGroup Camera index out of range
[ WARN:3@112.209] global cap.cpp:477 cv::VideoCapture::open VIDEOIO(DSHOW): backend is generally available but can't be used to capture by index
[ WARN:3@112.320] global cap.cpp:477 cv::VideoCapture::open VIDEOIO(DSHOW): backend is generally available but can't be used to capture by index
[ WARN:3@112.427] global cap.cpp:477 cv::VideoCapture::open VIDEOIO(DSHOW): backend is generally available but can't be used to capture by index
[ WARN:3@112.536] global cap.cpp:477 cv::VideoCapture::open VIDEOIO(DSHOW): backend is generally available but can't be used to capture by index
[ WARN:4@117.199] global cap_msmf.cpp:477 `anonymous-namespace'::SourceReaderCB::OnReadSample videoio(MSMF): OnReadSample() is called with error status: -1072875772
[ WARN:4@117.204] global cap_msmf.cpp:488 `anonymous-namespace'::SourceReaderCB::OnReadSample videoio(MSMF): async ReadSample() call is failed with error status: -1072875772
[ WARN:3@117.211] global cap_msmf.cpp:1816 CvCapture_MSMF::grabFrame videoio(MSMF): can't grab frame. Error: -1072875772
[ WARN:3@117.276] global cap_msmf.cpp:1816 CvCapture_MSMF::grabFrame videoio(MSMF): can't grab frame. Error: -1072875772
[ WARN:3@117.328] global cap_msmf.cpp:1816 CvCapture_MSMF::grabFrame videoio(MSMF): can't grab frame. Error: -1072875772
2026-09-17 09:59:19,020 INFO mongdee.core.performance: [PERF] CAM-1: reducing AI inference rate (every 1 -> 2 frames)
2026-09-17 09:59:19,022 INFO mongdee.core.performance: [PERF] CAM-3: reducing AI inference rate (every 1 -> 2 frames)
2026-09-17 09:59:21,030 INFO mongdee.core.performance: [PERF] CAM-1: restoring AI inference rate (every 2 -> 1 frames)
2026-09-17 09:59:21,032 INFO mongdee.core.performance: [PERF] CAM-3: restoring AI inference rate (every 2 -> 1 frames)
[ WARN:4@121.164] global cap_msmf.cpp:477 `anonymous-namespace'::SourceReaderCB::OnReadSample videoio(MSMF): OnReadSample() is called with error status: -1072875772
[ WARN:4@121.829] global cap_msmf.cpp:488 `anonymous-namespace'::SourceReaderCB::OnReadSample videoio(MSMF): async ReadSample() call is failed with error status: -1072875772
[ WARN:3@121.830] global cap_msmf.cpp:1816 CvCapture_MSMF::grabFrame videoio(MSMF): can't grab frame. Error: -1072875772
[ WARN:3@121.882] global cap_msmf.cpp:1816 CvCapture_MSMF::grabFrame videoio(MSMF): can't grab frame. Error: -1072875772
[ WARN:3@121.934] global cap_msmf.cpp:1816 CvCapture_MSMF::grabFrame videoio(MSMF): can't grab frame. Error: -1072875772
[ WARN:7@125.693] global cap_msmf.cpp:477 `anonymous-namespace'::SourceReaderCB::OnReadSample videoio(MSMF): OnReadSample() is called with error status: -1072875772
[ WARN:7@125.695] global cap_msmf.cpp:488 `anonymous-namespace'::SourceReaderCB::OnReadSample videoio(MSMF): async ReadSample() call is failed with error status: -1072875772
[ WARN:3@125.695] global cap_msmf.cpp:1816 CvCapture_MSMF::grabFrame videoio(MSMF): can't grab frame. Error: -1072875772
[ WARN:3@125.746] global cap_msmf.cpp:1816 CvCapture_MSMF::grabFrame videoio(MSMF): can't grab frame. Error: -1072875772
[ WARN:3@125.798] global cap_msmf.cpp:1816 CvCapture_MSMF::grabFrame videoio(MSMF): can't grab frame. Error: -1072875772
[ WARN:7@127.008] global cap_msmf.cpp:477 `anonymous-namespace'::SourceReaderCB::OnReadSample videoio(MSMF): OnReadSample() is called with error status: -1072875772
[ WARN:7@127.054] global cap_msmf.cpp:488 `anonymous-namespace'::SourceReaderCB::OnReadSample videoio(MSMF): async ReadSample() call is failed with error status: -1072875772
[ WARN:3@127.055] global cap_msmf.cpp:1816 CvCapture_MSMF::grabFrame videoio(MSMF): can't grab frame. Error: -1072875772
[ WARN:3@127.106] global cap_msmf.cpp:1816 CvCapture_MSMF::grabFrame videoio(MSMF): can't grab frame. Error: -1072875772
[ WARN:3@127.158] global cap_msmf.cpp:1816 CvCapture_MSMF::grabFrame videoio(MSMF): can't grab frame. Error: -1072875772
[ WARN:2@127.167] global cap.cpp:477 cv::VideoCapture::open VIDEOIO(DSHOW): backend is generally available but can't be used to capture by index
[ WARN:2@127.171] global cap.cpp:477 cv::VideoCapture::open VIDEOIO(DSHOW): backend is generally available but can't be used to capture by index
[ WARN:2@127.216] global cap.cpp:477 cv::VideoCapture::open VIDEOIO(DSHOW): backend is generally available but can't be used to capture by index
[ WARN:2@127.220] global cap.cpp:477 cv::VideoCapture::open VIDEOIO(DSHOW): backend is generally available but can't be used to capture by index
[ERROR:2@127.318] global obsensor_uvc_stream_channel.cpp:163 cv::obsensor::getStreamChannelGroup Camera index out of range
[ERROR:2@127.447] global obsensor_uvc_stream_channel.cpp:163 cv::obsensor::getStreamChannelGroup Camera index out of range
[ERROR:2@127.583] global obsensor_uvc_stream_channel.cpp:163 cv::obsensor::getStreamChannelGroup Camera index out of range
[ERROR:2@127.714] global obsensor_uvc_stream_channel.cpp:163 cv::obsensor::getStreamChannelGroup Camera index out of range
2026-09-17 09:59:29,075 INFO mongdee.core.performance: [PERF] CPU กลับสู่ปกติ (65% <= 70% นาน 6s) — เริ่ม AI ต่ออัตโนมัติ
[ WARN:3@128.855] global cap.cpp:477 cv::VideoCapture::open VIDEOIO(DSHOW): backend is generally available but can't be used to capture by index
[ WARN:3@129.142] global cap.cpp:477 cv::VideoCapture::open VIDEOIO(DSHOW): backend is generally available but can't be used to capture by index
[ WARN:3@129.455] global cap.cpp:477 cv::VideoCapture::open VIDEOIO(DSHOW): backend is generally available but can't be used to capture by index
[ WARN:3@129.685] global cap.cpp:477 cv::VideoCapture::open VIDEOIO(DSHOW): backend is generally available but can't be used to capture by index
2026-09-17 09:59:31,248 INFO mongdee.core.performance: [PERF] CAM-1: reducing AI inference rate (every 1 -> 2 frames)
2026-09-17 09:59:31,251 INFO mongdee.core.performance: [PERF] CAM-3: reducing AI inference rate (every 1 -> 2 frames)
2026-09-17 09:59:33,283 INFO mongdee.core.performance: [PERF] CAM-1: reducing AI inference rate (every 2 -> 3 frames)
2026-09-17 09:59:35,236 INFO mongdee.core.performance: [PERF] CAM-3: reducing AI inference rate (every 2 -> 3 frames)
2026-09-17 09:59:37,245 INFO mongdee.core.performance: [PERF] CAM-1: reducing AI inference rate (every 3 -> 4 frames)
2026-09-17 09:59:37,247 INFO mongdee.core.performance: [PERF] CAM-3: restoring AI inference rate (every 3 -> 2 frames)
[ WARN:8@137.552] global cap_msmf.cpp:477 `anonymous-namespace'::SourceReaderCB::OnReadSample videoio(MSMF): OnReadSample() is called with error status: -1072875772
[ WARN:8@137.553] global cap_msmf.cpp:488 `anonymous-namespace'::SourceReaderCB::OnReadSample videoio(MSMF): async ReadSample() call is failed with error status: -1072875772
[ WARN:3@137.554] global cap_msmf.cpp:1816 CvCapture_MSMF::grabFrame videoio(MSMF): can't grab frame. Error: -1072875772
[ WARN:3@137.606] global cap_msmf.cpp:1816 CvCapture_MSMF::grabFrame videoio(MSMF): can't grab frame. Error: -1072875772
[ WARN:3@137.670] global cap_msmf.cpp:1816 CvCapture_MSMF::grabFrame videoio(MSMF): can't grab frame. Error: -1072875772
2026-09-17 09:59:39,257 INFO mongdee.core.performance: [PERF] CAM-1: reducing AI inference rate (every 4 -> 5 frames)
2026-09-17 09:59:39,258 INFO mongdee.core.performance: [PERF] CAM-3: reducing AI inference rate (every 2 -> 3 frames)
2026-09-17 09:59:41,267 INFO mongdee.core.performance: [PERF] CAM-1: reducing AI inference rate (every 5 -> 6 frames)
2026-09-17 09:59:41,656 INFO mongdee.core.performance: [PERF] CAM-3: reducing AI inference rate (every 3 -> 4 frames)
2026-09-17 09:59:43,667 INFO mongdee.core.performance: [PERF] CAM-1: reducing AI inference rate (every 6 -> 7 frames)
2026-09-17 09:59:43,687 INFO mongdee.core.performance: [PERF] CAM-3: reducing AI inference rate (every 4 -> 5 frames)
[ WARN:7@143.986] global cap_msmf.cpp:477 `anonymous-namespace'::SourceReaderCB::OnReadSample videoio(MSMF): OnReadSample() is called with error status: -1072875772
[ WARN:7@144.001] global cap_msmf.cpp:488 `anonymous-namespace'::SourceReaderCB::OnReadSample videoio(MSMF): async ReadSample() call is failed with error status: -1072875772
[ WARN:3@144.006] global cap_msmf.cpp:1816 CvCapture_MSMF::grabFrame videoio(MSMF): can't grab frame. Error: -1072875772
[ WARN:3@144.058] global cap_msmf.cpp:1816 CvCapture_MSMF::grabFrame videoio(MSMF): can't grab frame. Error: -1072875772
[ WARN:3@144.110] global cap_msmf.cpp:1816 CvCapture_MSMF::grabFrame videoio(MSMF): can't grab frame. Error: -1072875772
2026-09-17 09:59:45,706 INFO mongdee.core.performance: [PERF] CAM-1: reducing AI inference rate (every 7 -> 8 frames)
2026-09-17 09:59:45,711 INFO mongdee.core.performance: [PERF] CAM-3: reducing AI inference rate (every 5 -> 6 frames)
2026-09-17 09:59:47,735 INFO mongdee.core.performance: [PERF] CAM-1: reducing AI input resolution (640px -> 480px)
2026-09-17 09:59:47,737 INFO mongdee.core.performance: [PERF] CAM-3: reducing AI inference rate (every 6 -> 7 frames)
2026-09-17 09:59:49,750 INFO mongdee.core.performance: [PERF] CAM-1: reducing AI input resolution (480px -> 320px)
2026-09-17 09:59:49,752 INFO mongdee.core.performance: [PERF] CAM-3: reducing AI inference rate (every 7 -> 8 frames)
2026-09-17 09:59:51,764 INFO mongdee.core.performance: [PERF] CAM-3: reducing AI input resolution (640px -> 480px)
2026-09-17 09:59:53,843 INFO mongdee.core.performance: [PERF] CAM-3: reducing AI input resolution (480px -> 320px)
2026-09-17 09:59:55,859 WARNING mongdee.core.performance: [PERF] CPU สูงต่อเนื่อง (100% >= 95% นาน 6s) — พัก AI ทั้งระบบชั่วคราว (Camera Preview ยังทำงานปกติ)
[ WARN:8@155.099] global cap_msmf.cpp:477 `anonymous-namespace'::SourceReaderCB::OnReadSample videoio(MSMF): OnReadSample() is called with error status: -1072875772
[ WARN:8@155.100] global cap_msmf.cpp:488 `anonymous-namespace'::SourceReaderCB::OnReadSample videoio(MSMF): async ReadSample() call is failed with error status: -1072875772
[ WARN:3@155.101] global cap_msmf.cpp:1816 CvCapture_MSMF::grabFrame videoio(MSMF): can't grab frame. Error: -1072875772
[ WARN:3@155.152] global cap_msmf.cpp:1816 CvCapture_MSMF::grabFrame videoio(MSMF): can't grab frame. Error: -1072875772
[ WARN:3@155.204] global cap_msmf.cpp:1816 CvCapture_MSMF::grabFrame videoio(MSMF): can't grab frame. Error: -1072875772
[ WARN:8@156.968] global cap_msmf.cpp:477 `anonymous-namespace'::SourceReaderCB::OnReadSample videoio(MSMF): OnReadSample() is called with error status: -1072875772
[ WARN:8@156.969] global cap_msmf.cpp:488 `anonymous-namespace'::SourceReaderCB::OnReadSample videoio(MSMF): async ReadSample() call is failed with error status: -1072875772
[ WARN:3@156.970] global cap_msmf.cpp:1816 CvCapture_MSMF::grabFrame videoio(MSMF): can't grab frame. Error: -1072875772
[ WARN:3@157.022] global cap_msmf.cpp:1816 CvCapture_MSMF::grabFrame videoio(MSMF): can't grab frame. Error: -1072875772
[ WARN:3@157.075] global cap_msmf.cpp:1816 CvCapture_MSMF::grabFrame videoio(MSMF): can't grab frame. Error: -1072875772
[ WARN:2@157.090] global cap.cpp:477 cv::VideoCapture::open VIDEOIO(DSHOW): backend is generally available but can't be used to capture by index
[ WARN:2@157.836] global cap.cpp:477 cv::VideoCapture::open VIDEOIO(DSHOW): backend is generally available but can't be used to capture by index
[ WARN:2@157.850] global cap.cpp:477 cv::VideoCapture::open VIDEOIO(DSHOW): backend is generally available but can't be used to capture by index
[ WARN:2@157.866] global cap.cpp:477 cv::VideoCapture::open VIDEOIO(DSHOW): backend is generally available but can't be used to capture by index
[ERROR:2@158.075] global obsensor_uvc_stream_channel.cpp:163 cv::obsensor::getStreamChannelGroup Camera index out of range
[ERROR:2@158.318] global obsensor_uvc_stream_channel.cpp:163 cv::obsensor::getStreamChannelGroup Camera index out of range
[ERROR:2@158.501] global obsensor_uvc_stream_channel.cpp:163 cv::obsensor::getStreamChannelGroup Camera index out of range
[ERROR:2@158.798] global obsensor_uvc_stream_channel.cpp:163 cv::obsensor::getStreamChannelGroup Camera index out of range
[ WARN:3@159.859] global cap.cpp:477 cv::VideoCapture::open VIDEOIO(DSHOW): backend is generally available but can't be used to capture by index
[ WARN:3@160.447] global cap.cpp:477 cv::VideoCapture::open VIDEOIO(DSHOW): backend is generally available but can't be used to capture by index
[ WARN:3@160.856] global cap.cpp:477 cv::VideoCapture::open VIDEOIO(DSHOW): backend is generally available but can't be used to capture by index
[ WARN:3@161.087] global cap.cpp:477 cv::VideoCapture::open VIDEOIO(DSHOW): backend is generally available but can't be used to capture by index
2026-09-17 10:00:04,016 INFO mongdee.core.performance: [PERF] CAM-3: restoring AI input resolution (320px -> 480px)
2026-09-17 10:00:06,025 INFO mongdee.core.performance: [PERF] CAM-3: restoring AI input resolution (480px -> 640px)
[ WARN:9@166.296] global cap_msmf.cpp:477 `anonymous-namespace'::SourceReaderCB::OnReadSample videoio(MSMF): OnReadSample() is called with error status: -1072875772
[ WARN:9@166.297] global cap_msmf.cpp:488 `anonymous-namespace'::SourceReaderCB::OnReadSample videoio(MSMF): async ReadSample() call is failed with error status: -1072875772
[ WARN:3@166.298] global cap_msmf.cpp:1816 CvCapture_MSMF::grabFrame videoio(MSMF): can't grab frame. Error: -1072875772
[ WARN:3@166.349] global cap_msmf.cpp:1816 CvCapture_MSMF::grabFrame videoio(MSMF): can't grab frame. Error: -1072875772
[ WARN:3@166.443] global cap_msmf.cpp:1816 CvCapture_MSMF::grabFrame videoio(MSMF): can't grab frame. Error: -1072875772
2026-09-17 10:00:08,043 INFO mongdee.core.performance: [PERF] CAM-3: reducing AI input resolution (640px -> 480px)
2026-09-17 10:00:10,063 INFO mongdee.core.performance: [PERF] CAM-3: reducing AI input resolution (480px -> 320px)
2026-09-17 10:00:12,071 INFO mongdee.core.performance: [PERF] CAM-3: restoring AI input resolution (320px -> 480px)
[ WARN:9@171.639] global cap_msmf.cpp:477 `anonymous-namespace'::SourceReaderCB::OnReadSample videoio(MSMF): OnReadSample() is called with error status: -1072875772
[ WARN:9@171.657] global cap_msmf.cpp:488 `anonymous-namespace'::SourceReaderCB::OnReadSample videoio(MSMF): async ReadSample() call is failed with error status: -1072875772
[ WARN:3@171.687] global cap_msmf.cpp:1816 CvCapture_MSMF::grabFrame videoio(MSMF): can't grab frame. Error: -1072875772
[ WARN:3@171.745] global cap_msmf.cpp:1816 CvCapture_MSMF::grabFrame videoio(MSMF): can't grab frame. Error: -1072875772
[ WARN:3@171.796] global cap_msmf.cpp:1816 CvCapture_MSMF::grabFrame videoio(MSMF): can't grab frame. Error: -1072875772
2026-09-17 10:00:14,123 INFO mongdee.core.performance: [PERF] CAM-3: reducing AI input resolution (480px -> 320px)
2026-09-17 10:00:16,137 INFO mongdee.core.performance: [PERF] CAM-3: restoring AI input resolution (320px -> 480px)
[ WARN:8@175.972] global cap_msmf.cpp:477 `anonymous-namespace'::SourceReaderCB::OnReadSample videoio(MSMF): OnReadSample() is called with error status: -1072875772
[ WARN:8@175.973] global cap_msmf.cpp:488 `anonymous-namespace'::SourceReaderCB::OnReadSample videoio(MSMF): async ReadSample() call is failed with error status: -1072875772
[ WARN:3@175.974] global cap_msmf.cpp:1816 CvCapture_MSMF::grabFrame videoio(MSMF): can't grab frame. Error: -1072875772
[ WARN:3@176.025] global cap_msmf.cpp:1816 CvCapture_MSMF::grabFrame videoio(MSMF): can't grab frame. Error: -1072875772
[ WARN:3@176.077] global cap_msmf.cpp:1816 CvCapture_MSMF::grabFrame videoio(MSMF): can't grab frame. Error: -1072875772
2026-09-17 10:00:18,205 INFO mongdee.core.performance: [PERF] CAM-3: restoring AI input resolution (480px -> 640px)
[ WARN:8@177.825] global cap_msmf.cpp:477 `anonymous-namespace'::SourceReaderCB::OnReadSample videoio(MSMF): OnReadSample() is called with error status: -1072875772
[ WARN:8@177.827] global cap_msmf.cpp:488 `anonymous-namespace'::SourceReaderCB::OnReadSample videoio(MSMF): async ReadSample() call is failed with error status: -1072875772
[ WARN:3@177.828] global cap_msmf.cpp:1816 CvCapture_MSMF::grabFrame videoio(MSMF): can't grab frame. Error: -1072875772
[ WARN:3@177.879] global cap_msmf.cpp:1816 CvCapture_MSMF::grabFrame videoio(MSMF): can't grab frame. Error: -1072875772
[ WARN:3@177.931] global cap_msmf.cpp:1816 CvCapture_MSMF::grabFrame videoio(MSMF): can't grab frame. Error: -1072875772
2026-09-17 10:00:20,209 INFO mongdee.core.performance: [PERF] CAM-3: restoring AI inference rate (every 8 -> 7 frames)
[ WARN:3@179.034] global cap.cpp:477 cv::VideoCapture::open VIDEOIO(DSHOW): backend is generally available but can't be used to capture by index
[ WARN:3@179.164] global cap.cpp:477 cv::VideoCapture::open VIDEOIO(DSHOW): backend is generally available but can't be used to capture by index
[ WARN:3@179.270] global cap.cpp:477 cv::VideoCapture::open VIDEOIO(DSHOW): backend is generally available but can't be used to capture by index
[ WARN:3@179.348] global cap.cpp:477 cv::VideoCapture::open VIDEOIO(DSHOW): backend is generally available but can't be used to capture by index
2026-09-17 10:00:22,235 INFO mongdee.core.performance: [PERF] CPU กลับสู่ปกติ (34% <= 70% นาน 6s) — เริ่ม AI ต่ออัตโนมัติ
2026-09-17 10:00:22,237 INFO mongdee.core.performance: [PERF] CAM-3: restoring AI inference rate (every 7 -> 6 frames)
2026-09-17 10:00:24,248 INFO mongdee.core.performance: [PERF] CAM-3: reducing AI inference rate (every 6 -> 7 frames)
[ WARN:8@183.164] global cap_msmf.cpp:477 `anonymous-namespace'::SourceReaderCB::OnReadSample videoio(MSMF): OnReadSample() is called with error status: -1072875772
[ WARN:8@183.165] global cap_msmf.cpp:488 `anonymous-namespace'::SourceReaderCB::OnReadSample videoio(MSMF): async ReadSample() call is failed with error status: -1072875772
[ WARN:3@183.166] global cap_msmf.cpp:1816 CvCapture_MSMF::grabFrame videoio(MSMF): can't grab frame. Error: -1072875772
[ WARN:3@183.217] global cap_msmf.cpp:1816 CvCapture_MSMF::grabFrame videoio(MSMF): can't grab frame. Error: -1072875772
[ WARN:3@183.529] global cap_msmf.cpp:1816 CvCapture_MSMF::grabFrame videoio(MSMF): can't grab frame. Error: -1072875772
2026-09-17 10:00:26,259 INFO mongdee.core.performance: [PERF] CAM-3: reducing AI inference rate (every 7 -> 8 frames)
2026-09-17 10:00:28,270 INFO mongdee.core.performance: [PERF] CAM-3: restoring AI inference rate (every 8 -> 7 frames)
[ WARN:8@188.160] global cap_msmf.cpp:477 `anonymous-namespace'::SourceReaderCB::OnReadSample videoio(MSMF): OnReadSample() is called with error status: -1072875772
[ WARN:8@188.264] global cap_msmf.cpp:488 `anonymous-namespace'::SourceReaderCB::OnReadSample videoio(MSMF): async ReadSample() call is failed with error status: -1072875772
[ WARN:3@188.265] global cap_msmf.cpp:1816 CvCapture_MSMF::grabFrame videoio(MSMF): can't grab frame. Error: -1072875772
[ WARN:3@188.317] global cap_msmf.cpp:1816 CvCapture_MSMF::grabFrame videoio(MSMF): can't grab frame. Error: -1072875772
[ WARN:3@188.369] global cap_msmf.cpp:1816 CvCapture_MSMF::grabFrame videoio(MSMF): can't grab frame. Error: -1072875772
2026-09-17 10:00:30,278 INFO mongdee.core.performance: [PERF] CAM-3: restoring AI inference rate (every 7 -> 6 frames)
2026-09-17 10:00:32,366 INFO mongdee.core.performance: [PERF] CAM-3: reducing AI inference rate (every 6 -> 7 frames)
2026-09-17 10:00:34,377 INFO mongdee.core.performance: [PERF] CAM-3: reducing AI inference rate (every 7 -> 8 frames)
[ WARN:10@193.937] global cap_msmf.cpp:477 `anonymous-namespace'::SourceReaderCB::OnReadSample videoio(MSMF): OnReadSample() is called with error status: -1072875772
[ WARN:10@193.938] global cap_msmf.cpp:488 `anonymous-namespace'::SourceReaderCB::OnReadSample videoio(MSMF): async ReadSample() call is failed with error status: -1072875772
[ WARN:3@193.939] global cap_msmf.cpp:1816 CvCapture_MSMF::grabFrame videoio(MSMF): can't grab frame. Error: -1072875772
[ WARN:3@193.991] global cap_msmf.cpp:1816 CvCapture_MSMF::grabFrame videoio(MSMF): can't grab frame. Error: -1072875772
[ WARN:3@194.043] global cap_msmf.cpp:1816 CvCapture_MSMF::grabFrame videoio(MSMF): can't grab frame. Error: -1072875772
2026-09-17 10:00:37,089 INFO mongdee.core.performance: [PERF] CAM-3: reducing AI input resolution (640px -> 480px)
[ WARN:10@195.850] global cap_msmf.cpp:477 `anonymous-namespace'::SourceReaderCB::OnReadSample videoio(MSMF): OnReadSample() is called with error status: -1072875772
[ WARN:10@196.123] global cap_msmf.cpp:488 `anonymous-namespace'::SourceReaderCB::OnReadSample videoio(MSMF): async ReadSample() call is failed with error status: -1072875772
[ WARN:3@196.124] global cap_msmf.cpp:1816 CvCapture_MSMF::grabFrame videoio(MSMF): can't grab frame. Error: -1072875772
[ WARN:3@196.175] global cap_msmf.cpp:1816 CvCapture_MSMF::grabFrame videoio(MSMF): can't grab frame. Error: -1072875772
[ WARN:3@196.227] global cap_msmf.cpp:1816 CvCapture_MSMF::grabFrame videoio(MSMF): can't grab frame. Error: -1072875772
[ WARN:2@196.247] global cap.cpp:477 cv::VideoCapture::open VIDEOIO(DSHOW): backend is generally available but can't be used to capture by index
[ WARN:2@196.259] global cap.cpp:477 cv::VideoCapture::open VIDEOIO(DSHOW): backend is generally available but can't be used to capture by index
[ WARN:2@196.289] global cap.cpp:477 cv::VideoCapture::open VIDEOIO(DSHOW): backend is generally available but can't be used to capture by index
[ WARN:2@196.296] global cap.cpp:477 cv::VideoCapture::open VIDEOIO(DSHOW): backend is generally available but can't be used to capture by index
[ERROR:2@196.453] global obsensor_uvc_stream_channel.cpp:163 cv::obsensor::getStreamChannelGroup Camera index out of range
[ERROR:2@196.612] global obsensor_uvc_stream_channel.cpp:163 cv::obsensor::getStreamChannelGroup Camera index out of range
[ERROR:2@196.777] global obsensor_uvc_stream_channel.cpp:163 cv::obsensor::getStreamChannelGroup Camera index out of range
[ERROR:2@196.934] global obsensor_uvc_stream_channel.cpp:163 cv::obsensor::getStreamChannelGroup Camera index out of range
[ WARN:3@197.153] global cap.cpp:477 cv::VideoCapture::open VIDEOIO(DSHOW): backend is generally available but can't be used to capture by index
[ WARN:3@197.325] global cap.cpp:477 cv::VideoCapture::open VIDEOIO(DSHOW): backend is generally available but can't be used to capture by index
[ WARN:3@197.511] global cap.cpp:477 cv::VideoCapture::open VIDEOIO(DSHOW): backend is generally available but can't be used to capture by index
[ WARN:3@197.693] global cap.cpp:477 cv::VideoCapture::open VIDEOIO(DSHOW): backend is generally available but can't be used to capture by index
2026-09-17 10:00:39,435 INFO mongdee.core.performance: [PERF] CAM-3: reducing AI input resolution (480px -> 320px)
[ WARN:10@203.916] global cap_msmf.cpp:477 `anonymous-namespace'::SourceReaderCB::OnReadSample videoio(MSMF): OnReadSample() is called with error status: -1072875772
[ WARN:10@203.917] global cap_msmf.cpp:488 `anonymous-namespace'::SourceReaderCB::OnReadSample videoio(MSMF): async ReadSample() call is failed with error status: -1072875772
[ WARN:3@203.918] global cap_msmf.cpp:1816 CvCapture_MSMF::grabFrame videoio(MSMF): can't grab frame. Error: -1072875772
[ WARN:3@203.970] global cap_msmf.cpp:1816 CvCapture_MSMF::grabFrame videoio(MSMF): can't grab frame. Error: -1072875772
[ WARN:3@204.023] global cap_msmf.cpp:1816 CvCapture_MSMF::grabFrame videoio(MSMF): can't grab frame. Error: -1072875772
2026-09-17 10:00:49,479 INFO mongdee.core.performance: [PERF] CAM-3: restoring AI input resolution (320px -> 480px)
[ WARN:10@208.817] global cap_msmf.cpp:477 `anonymous-namespace'::SourceReaderCB::OnReadSample videoio(MSMF): OnReadSample() is called with error status: -1072875772
[ WARN:10@208.820] global cap_msmf.cpp:488 `anonymous-namespace'::SourceReaderCB::OnReadSample videoio(MSMF): async ReadSample() call is failed with error status: -1072875772
[ WARN:3@208.821] global cap_msmf.cpp:1816 CvCapture_MSMF::grabFrame videoio(MSMF): can't grab frame. Error: -1072875772
[ WARN:3@208.872] global cap_msmf.cpp:1816 CvCapture_MSMF::grabFrame videoio(MSMF): can't grab frame. Error: -1072875772
[ WARN:3@208.924] global cap_msmf.cpp:1816 CvCapture_MSMF::grabFrame videoio(MSMF): can't grab frame. Error: -1072875772
2026-09-17 10:00:51,487 INFO mongdee.core.performance: [PERF] CAM-3: restoring AI input resolution (480px -> 640px)
2026-09-17 10:00:53,498 INFO mongdee.core.performance: [PERF] CAM-3: reducing AI input resolution (640px -> 480px)
[ WARN:11@213.738] global cap_msmf.cpp:477 `anonymous-namespace'::SourceReaderCB::OnReadSample videoio(MSMF): OnReadSample() is called with error status: -1072875772
[ WARN:11@213.881] global cap_msmf.cpp:488 `anonymous-namespace'::SourceReaderCB::OnReadSample videoio(MSMF): async ReadSample() call is failed with error status: -1072875772
[ WARN:3@213.882] global cap_msmf.cpp:1816 CvCapture_MSMF::grabFrame videoio(MSMF): can't grab frame. Error: -1072875772
[ WARN:3@213.933] global cap_msmf.cpp:1816 CvCapture_MSMF::grabFrame videoio(MSMF): can't grab frame. Error: -1072875772
[ WARN:3@213.985] global cap_msmf.cpp:1816 CvCapture_MSMF::grabFrame videoio(MSMF): can't grab frame. Error: -1072875772
2026-09-17 10:00:55,510 INFO mongdee.core.performance: [PERF] CAM-3: restoring AI input resolution (480px -> 640px)
[ WARN:11@215.547] global cap_msmf.cpp:477 `anonymous-namespace'::SourceReaderCB::OnReadSample videoio(MSMF): OnReadSample() is called with error status: -1072875772
[ WARN:11@215.646] global cap_msmf.cpp:488 `anonymous-namespace'::SourceReaderCB::OnReadSample videoio(MSMF): async ReadSample() call is failed with error status: -1072875772
[ WARN:3@215.647] global cap_msmf.cpp:1816 CvCapture_MSMF::grabFrame videoio(MSMF): can't grab frame. Error: -1072875772
[ WARN:3@215.699] global cap_msmf.cpp:1816 CvCapture_MSMF::grabFrame videoio(MSMF): can't grab frame. Error: -1072875772
[ WARN:3@215.751] global cap_msmf.cpp:1816 CvCapture_MSMF::grabFrame videoio(MSMF): can't grab frame. Error: -1072875772
[ WARN:2@215.767] global cap.cpp:477 cv::VideoCapture::open VIDEOIO(DSHOW): backend is generally available but can't be used to capture by index
[ WARN:2@215.802] global cap.cpp:477 cv::VideoCapture::open VIDEOIO(DSHOW): backend is generally available but can't be used to capture by index
[ WARN:2@215.811] global cap.cpp:477 cv::VideoCapture::open VIDEOIO(DSHOW): backend is generally available but can't be used to capture by index
[ WARN:2@215.820] global cap.cpp:477 cv::VideoCapture::open VIDEOIO(DSHOW): backend is generally available but can't be used to capture by index
[ERROR:2@215.984] global obsensor_uvc_stream_channel.cpp:163 cv::obsensor::getStreamChannelGroup Camera index out of range
[ERROR:2@216.166] global obsensor_uvc_stream_channel.cpp:163 cv::obsensor::getStreamChannelGroup Camera index out of range
2026-09-17 10:00:57,523 INFO mongdee.core.performance: [PERF] CAM-3: reducing AI input resolution (640px -> 480px)
[ERROR:2@216.337] global obsensor_uvc_stream_channel.cpp:163 cv::obsensor::getStreamChannelGroup Camera index out of range
[ERROR:2@216.507] global obsensor_uvc_stream_channel.cpp:163 cv::obsensor::getStreamChannelGroup Camera index out of range
[ WARN:3@216.703] global cap.cpp:477 cv::VideoCapture::open VIDEOIO(DSHOW): backend is generally available but can't be used to capture by index
[ WARN:3@216.873] global cap.cpp:477 cv::VideoCapture::open VIDEOIO(DSHOW): backend is generally available but can't be used to capture by index
[ WARN:3@217.028] global cap.cpp:477 cv::VideoCapture::open VIDEOIO(DSHOW): backend is generally available but can't be used to capture by index
[ WARN:3@217.205] global cap.cpp:477 cv::VideoCapture::open VIDEOIO(DSHOW): backend is generally available but can't be used to capture by index
2026-09-17 10:00:59,532 INFO mongdee.core.performance: [PERF] CAM-3: reducing AI input resolution (480px -> 320px)
2026-09-17 10:01:01,870 INFO mongdee.core.performance: [PERF] CAM-3: restoring AI input resolution (320px -> 480px)
[ WARN:11@222.130] global cap_msmf.cpp:477 `anonymous-namespace'::SourceReaderCB::OnReadSample videoio(MSMF): OnReadSample() is called with error status: -1072875772
[ WARN:11@222.294] global cap_msmf.cpp:488 `anonymous-namespace'::SourceReaderCB::OnReadSample videoio(MSMF): async ReadSample() call is failed with error status: -1072875772
[ WARN:3@222.295] global cap_msmf.cpp:1816 CvCapture_MSMF::grabFrame videoio(MSMF): can't grab frame. Error: -1072875772
[ WARN:3@222.346] global cap_msmf.cpp:1816 CvCapture_MSMF::grabFrame videoio(MSMF): can't grab frame. Error: -1072875772
[ WARN:3@222.397] global cap_msmf.cpp:1816 CvCapture_MSMF::grabFrame videoio(MSMF): can't grab frame. Error: -1072875772
2026-09-17 10:01:03,884 INFO mongdee.core.performance: [PERF] CAM-3: reducing AI input resolution (480px -> 320px)
